[2026-09-29T12:19:34Z] === Operator recovery drill starting (network: futurenet) ===
[2026-09-29T12:19:35Z] Phase 0: generating drill-only identities and funding via friendbot
[2026-09-29T12:19:36Z]   identity 'drill-deployer' already exists, reusing
[2026-09-29T12:19:36Z]   identity 'drill-signer-1' already exists, reusing
[2026-09-29T12:19:37Z]   identity 'drill-signer-2' already exists, reusing
[2026-09-29T12:19:37Z]   identity 'drill-signer-3' already exists, reusing
[2026-09-29T12:19:37Z]   identity 'drill-signer-4' already exists, reusing
[2026-09-29T12:19:37Z]   identity 'drill-signer-5-new' already exists, reusing
[2026-09-29T12:19:38Z]   drill-deployer:     GBPV7NHTH2DJHQAEAXKSUJS3YK5V4OJRFWDQU5NSHVIWUWMXW2RJMTVA
[2026-09-29T12:19:39Z]   drill-signer-1:     GAGEHMDYONXQBDRN2HSAVM76277H3CQRGEP2LMAZ6WDD3D37Y44FQJGX
[2026-09-29T12:19:39Z]   drill-signer-2:     GD44S76CCB776TAPJZIRNXENR3NOTCXO42V6T47NHFHNY3Y7H25X7GVP
[2026-09-29T12:19:39Z]   drill-signer-3:     GAYDRMOO6ADFKHVMTYGFE36QY36JXOQGJM7ADV32LFVKJ2JMZ6CHSRMM
[2026-09-29T12:19:39Z]   drill-signer-4:     GCEOH5QQI3GN7SCZM52NJJYDLWQIELWCRFDFAQHBXREIKRPJDXPDSGCQ (will be simulated as lost/compromised)
[2026-09-29T12:19:39Z]   drill-signer-5-new: GDC4C5OP74AV4KZCPJJ4UT5OVWG6JYPPFAZD3EBJYVGBPW57L6RX4DYJ (rotated in to replace signer-4)
[2026-09-29T12:19:40Z] Phase 0b: building stealth-announcer and stealth-sender (drill-timelock feature)
[2026-09-29T12:19:59Z] Phase 0b: deploying stealth-announcer
[2026-09-29T12:20:11Z]   stealth-announcer deployed: CC6UTYUP45J5WHLQNWQWMCZDAI7OI3AG6N4SDFE6HXBW6Q7OW66JMF5A
[2026-09-29T12:20:12Z] Phase 0b: deploying stealth-sender
[2026-09-29T12:20:20Z]   stealth-sender deployed: CCSR5ETMVOHJ7EMH6MUEKEEGAXUMCO7G4VFBCYRVLWVT3ONWTERI6DDL
[2026-09-29T12:20:21Z] Phase 0c: initialising stealth-sender (admin + announcer)
null
[2026-09-29T12:20:33Z] Phase 0c: initialising governance signer set (3-of-5)
null
[2026-09-29T12:20:40Z] === Phase 1: simulating operator key loss (drill-signer-4 treated as compromised) ===
[2026-09-29T12:20:40Z] Incident clock starts now.
[2026-09-29T12:20:41Z] === Phase 2: pause ===
null
[2026-09-29T12:20:53Z]   is_paused confirmed: true
[2026-09-29T12:20:53Z] === Phase 3: propose signer rotation (drop signer-4, add signer-5-new) ===
null
[2026-09-29T12:21:01Z] Phase 3: collecting approvals to reach quorum (3-of-5 current set)
null
null
[2026-09-29T12:21:24Z]   pending_rotation state: {"approvals":["GBPV7NHTH2DJHQAEAXKSUJS3YK5V4OJRFWDQU5NSHVIWUWMXW2RJMTVA","GAGEHMDYONXQBDRN2HSAVM76277H3CQRGEP2LMAZ6WDD3D37Y44FQJGX","GD44S76CCB776TAPJZIRNXENR3NOTCXO42V6T47NHFHNY3Y7H25X7GVP"],"executable_at":1790684520,"new_signers":["GBPV7NHTH2DJHQAEAXKSUJS3YK5V4OJRFWDQU5NSHVIWUWMXW2RJMTVA","GAGEHMDYONXQBDRN2HSAVM76277H3CQRGEP2LMAZ6WDD3D37Y44FQJGX","GD44S76CCB776TAPJZIRNXENR3NOTCXO42V6T47NHFHNY3Y7H25X7GVP","GDC4C5OP74AV4KZCPJJ4UT5OVWG6JYPPFAZD3EBJYVGBPW57L6RX4DYJ"],"new_threshold":3}
[2026-09-29T12:21:25Z]   approvals collected: 3 (need 3), executable_at (unix): 1790684520
[2026-09-29T12:21:25Z] === Phase 4: waiting for rotation timelock to elapse ===
[2026-09-29T12:21:25Z]   sleeping 37s until executable_at
[2026-09-29T12:22:03Z] === Phase 4: executing signer rotation ===
null
[2026-09-29T12:22:13Z]   post-rotation signers: ["GBPV7NHTH2DJHQAEAXKSUJS3YK5V4OJRFWDQU5NSHVIWUWMXW2RJMTVA","GAGEHMDYONXQBDRN2HSAVM76277H3CQRGEP2LMAZ6WDD3D37Y44FQJGX","GD44S76CCB776TAPJZIRNXENR3NOTCXO42V6T47NHFHNY3Y7H25X7GVP","GDC4C5OP74AV4KZCPJJ4UT5OVWG6JYPPFAZD3EBJYVGBPW57L6RX4DYJ"]
[2026-09-29T12:22:13Z] === Phase 5: rescue — real funds recovered on Futurenet ===
[2026-09-29T12:22:14Z]   Funds a real stealth account with no announcement, publishes the
[2026-09-29T12:22:14Z]   announcement (scheme_id=2), has the recipient find it via RPC getEvents,
[2026-09-29T12:22:14Z]   sweeps the funds with the derived key, and asserts balances before/after.
[2026-09-29T12:22:14Z]   Any failed assertion aborts the whole drill.
[2026-09-29T12:22:25.566Z] stuck stealth address: GD3GARQNZ5ICQRMSCBKOI3PPUBCAWZ7TN3JBDY4PVOW3VMGPJDI4L6MD
[2026-09-29T12:22:31.492Z] funded: stuck=200000000 stroops, dest=50000000 stroops (tx 7465b3e839fb5c115d2bfdb161716c3820684ca760c830c70d17f1484bc29ca9)
[2026-09-29T12:22:41.848Z] announce tx: be0c05338a3bdd0b97d922d609cbd54b0c38412f3cbd2f636b41ad083a0a782d
[2026-09-29T12:22:42.255Z] recipient found the payment via the announcement and rederived the key
[2026-09-29T12:22:45.533Z] sweep tx: 866be57131ab1d43fce191470a38e324c2138d169f8ae0843d73d9a575d3b6cd
[2026-09-29T12:22:46.648Z] RESCUE VERIFIED in 21.6s. Evidence: drills/evidence-real-rescue-1790684566646.json
[2026-09-29T12:22:46Z]   Rescue phase verified in 31s. Evidence JSON written to ../drills/evidence-real-rescue-*.json
[2026-09-29T12:22:47Z] === Phase 6: unpause (recovery) ===
null
[2026-09-29T12:22:58Z]   is_paused confirmed: false
[2026-09-29T12:22:58Z] === Drill complete. Full evidence log: ../drills/2026-09-29T12-19-34Z-operator-recovery.log ===
[2026-09-29T12:22:58Z]   stealth-announcer: CC6UTYUP45J5WHLQNWQWMCZDAI7OI3AG6N4SDFE6HXBW6Q7OW66JMF5A
[2026-09-29T12:22:58Z]   stealth-sender:    CCSR5ETMVOHJ7EMH6MUEKEEGAXUMCO7G4VFBCYRVLWVT3ONWTERI6DDL
