[2026-09-28T21:40:50Z] === Operator recovery drill starting (network: futurenet) ===
[2026-09-28T21:40:50Z] Phase 0: generating drill-only identities and funding via friendbot
[2026-09-28T21:40:50Z]   identity 'drill-deployer' already exists, reusing
[2026-09-28T21:40:50Z]   identity 'drill-signer-1' already exists, reusing
[2026-09-28T21:40:51Z]   identity 'drill-signer-2' already exists, reusing
[2026-09-28T21:40:51Z]   identity 'drill-signer-3' already exists, reusing
[2026-09-28T21:40:51Z]   identity 'drill-signer-4' already exists, reusing
[2026-09-28T21:40:52Z]   identity 'drill-signer-5-new' already exists, reusing
[2026-09-28T21:40:53Z]   drill-deployer:     GBPV7NHTH2DJHQAEAXKSUJS3YK5V4OJRFWDQU5NSHVIWUWMXW2RJMTVA
[2026-09-28T21:40:53Z]   drill-signer-1:     GAGEHMDYONXQBDRN2HSAVM76277H3CQRGEP2LMAZ6WDD3D37Y44FQJGX
[2026-09-28T21:40:54Z]   drill-signer-2:     GD44S76CCB776TAPJZIRNXENR3NOTCXO42V6T47NHFHNY3Y7H25X7GVP
[2026-09-28T21:40:54Z]   drill-signer-3:     GAYDRMOO6ADFKHVMTYGFE36QY36JXOQGJM7ADV32LFVKJ2JMZ6CHSRMM
[2026-09-28T21:40:54Z]   drill-signer-4:     GCEOH5QQI3GN7SCZM52NJJYDLWQIELWCRFDFAQHBXREIKRPJDXPDSGCQ (will be simulated as lost/compromised)
[2026-09-28T21:40:54Z]   drill-signer-5-new: GDC4C5OP74AV4KZCPJJ4UT5OVWG6JYPPFAZD3EBJYVGBPW57L6RX4DYJ (rotated in to replace signer-4)
[2026-09-28T21:40:55Z] Phase 0b: building stealth-announcer and stealth-sender (drill-timelock feature)
[2026-09-28T21:40:59Z] Phase 0b: deploying stealth-announcer
[2026-09-28T21:41:11Z]   stealth-announcer deployed: CAU6SIHBDZR6DEUYJ5XRDIIXVL574MCR2FAN6IQP7TCNP24CBUTMB6DV
[2026-09-28T21:41:12Z] Phase 0b: deploying stealth-sender
[2026-09-28T21:41:22Z]   stealth-sender deployed: CCKEWC2S4HKIUYKJFB45NGNT4LU5W6C7JNBDDLVBF77U6OB6MO73ZY7R
[2026-09-28T21:41:22Z] Phase 0c: initialising stealth-sender (admin + announcer)
null
[2026-09-28T21:41:31Z] Phase 0c: initialising governance signer set (3-of-5)
null
[2026-09-28T21:41:42Z] === Phase 1: simulating operator key loss (drill-signer-4 treated as compromised) ===
[2026-09-28T21:41:42Z] Incident clock starts now.
[2026-09-28T21:41:43Z] === Phase 2: pause ===
null
[2026-09-28T21:41:53Z]   is_paused confirmed: true
[2026-09-28T21:41:53Z] === Phase 3: propose signer rotation (drop signer-4, add signer-5-new) ===
null
[2026-09-28T21:42:00Z] Phase 3: collecting approvals to reach quorum (3-of-5 current set)
null
null
[2026-09-28T21:42:23Z]   pending_rotation state: {"approvals":["GBPV7NHTH2DJHQAEAXKSUJS3YK5V4OJRFWDQU5NSHVIWUWMXW2RJMTVA","GAGEHMDYONXQBDRN2HSAVM76277H3CQRGEP2LMAZ6WDD3D37Y44FQJGX","GD44S76CCB776TAPJZIRNXENR3NOTCXO42V6T47NHFHNY3Y7H25X7GVP"],"executable_at":1790631785,"new_signers":["GBPV7NHTH2DJHQAEAXKSUJS3YK5V4OJRFWDQU5NSHVIWUWMXW2RJMTVA","GAGEHMDYONXQBDRN2HSAVM76277H3CQRGEP2LMAZ6WDD3D37Y44FQJGX","GD44S76CCB776TAPJZIRNXENR3NOTCXO42V6T47NHFHNY3Y7H25X7GVP","GDC4C5OP74AV4KZCPJJ4UT5OVWG6JYPPFAZD3EBJYVGBPW57L6RX4DYJ"],"new_threshold":3}
[2026-09-28T21:42:23Z]   approvals collected: 3 (need 3), executable_at (unix): 1790631785
[2026-09-28T21:42:23Z] === Phase 4: waiting for rotation timelock to elapse ===
[2026-09-28T21:42:24Z]   sleeping 43s until executable_at
[2026-09-28T21:43:07Z] === Phase 4: executing signer rotation ===
null
[2026-09-28T21:43:17Z]   post-rotation signers: ["GBPV7NHTH2DJHQAEAXKSUJS3YK5V4OJRFWDQU5NSHVIWUWMXW2RJMTVA","GAGEHMDYONXQBDRN2HSAVM76277H3CQRGEP2LMAZ6WDD3D37Y44FQJGX","GD44S76CCB776TAPJZIRNXENR3NOTCXO42V6T47NHFHNY3Y7H25X7GVP","GDC4C5OP74AV4KZCPJJ4UT5OVWG6JYPPFAZD3EBJYVGBPW57L6RX4DYJ"]
[2026-09-28T21:43:17Z] === Phase 5: rescue — real Futurenet transaction ===
[2026-09-28T21:43:17Z]   Note: scripts/rescue-stealth-funds.ts has known defects (see
[2026-09-28T21:43:18Z]   drills/2026-09-28-operator-recovery.md) — a stealth-address format its
[2026-09-28T21:43:18Z]   own balance guard can't query, a broadcast step that never submits
[2026-09-28T21:43:18Z]   on-chain, a missing entry point, and a hardcoded v1 scheme_id against a
[2026-09-28T21:43:18Z]   v2 announcer. Rather than depend on that tool, this phase drives the
[2026-09-28T21:43:18Z]   real primitives directly so the rescue is genuinely exercised on-chain.
[2026-09-28T21:43:18Z]   Creating a real funded, unannounced account to stand in for a stuck payment.
[2026-09-28T21:43:19Z]   identity 'drill-stuck-payment' already exists, reusing
[2026-09-28T21:43:19Z]   stuck-payment address: GD5FDWI64ZFQZU5SSGBU5O4DEGFSWIOW7NPGHCPEMYDMRAH4XDQ7Q53P
[2026-09-28T21:43:19Z]   Querying its balance on the matching network's Horizon — this is the
[2026-09-28T21:43:20Z]   balance guard the maintainer flagged: it only works when given a real
[2026-09-28T21:43:20Z]   G... address and the network it actually lives on.
[2026-09-28T21:43:25Z]   confirmed balance: 10000.0000000 XLM
[2026-09-28T21:43:25Z]   Submitting a real 'announce' call with a fresh random ephemeral key.
[2026-09-28T21:43:25Z]   scheme_id=2, since this announcer deployment is v2, not the v1 default
[2026-09-28T21:43:25Z]   the standalone rescue-stealth-funds.ts tool hardcodes.
[2026-09-28T21:43:26Z]   ephemeral_pub_key: 3d65b6ed3fa7efc11b63b8a26ae2768954008b7858d74a0f6d2c9a8d716a0d36
[2026-09-28T21:43:26Z]   metadata:          ab00000000000000 (view tag 0xab)
ℹ️  Simulating transaction…
ℹ️  Signing transaction: 522f2e5aa693c2f23195bdc0637db1e5f11a3fe907a66b3f69df2b80218028b5
🌎 Sending transaction…
✅ Transaction submitted successfully!
📅 CAU6SIHBDZR6DEUYJ5XRDIIXVL574MCR2FAN6IQP7TCNP24CBUTMB6DV - Success - Event: [{"symbol":"announce"},{"u32":2},{"u32":171},{"u32":1}] = {"vec":[{"address":"GD5FDWI64ZFQZU5SSGBU5O4DEGFSWIOW7NPGHCPEMYDMRAH4XDQ7Q53P"},{"bytes":"3d65b6ed3fa7efc11b63b8a26ae2768954008b7858d74a0f6d2c9a8d716a0d36"},{"bytes":"ab00000000000000"}]}

[2026-09-28T21:43:37Z]   rescue transaction hash: 522f2e5aa693c2f23195bdc0637db1e5f11a3fe907a66b3f69df2b80218028b5
[2026-09-28T21:43:37Z]   Independently verifying via Soroban RPC getEvents (not just trusting the CLI's own success message).
[2026-09-28T21:43:41Z]   VERIFIED: RPC independently confirms txHash 522f2e5aa693c2f23195bdc0637db1e5f11a3fe907a66b3f69df2b80218028b5 for contract CAU6SIHBDZR6DEUYJ5XRDIIXVL574MCR2FAN6IQP7TCNP24CBUTMB6DV
[2026-09-28T21:43:41Z]   Rescue phase complete: real on-chain announce transaction submitted and independently verified.
[2026-09-28T21:43:41Z]   Known limitation: the address in this drill is a real funded account,
[2026-09-28T21:43:41Z]   not one cryptographically derived from the ephemeral key via real
[2026-09-28T21:43:42Z]   stealth-address math — this proves the announce call and balance guard
[2026-09-28T21:43:42Z]   work end to end, not that a recipient's wallet would derive this exact
[2026-09-28T21:43:42Z]   address from a real payment. See the report for the full scope note.
[2026-09-28T21:43:42Z] === Phase 6: unpause (recovery) ===
null
[2026-09-28T21:43:53Z]   is_paused confirmed: false
[2026-09-28T21:43:53Z] === Drill complete. Full evidence log: ../drills/2026-09-28T21-40-49Z-operator-recovery.log ===
[2026-09-28T21:43:53Z]   stealth-announcer: CAU6SIHBDZR6DEUYJ5XRDIIXVL574MCR2FAN6IQP7TCNP24CBUTMB6DV
[2026-09-28T21:43:53Z]   stealth-sender:    CCKEWC2S4HKIUYKJFB45NGNT4LU5W6C7JNBDDLVBF77U6OB6MO73ZY7R
