[2026-09-28T11:17:22Z] === Operator recovery drill starting (network: futurenet) ===
[2026-09-28T11:17:23Z] Phase 0: generating drill-only identities and funding via friendbot
[2026-09-28T11:17:25Z]   identity 'drill-deployer' already exists, reusing
[2026-09-28T11:17:26Z]   identity 'drill-signer-1' already exists, reusing
[2026-09-28T11:17:26Z]   identity 'drill-signer-2' already exists, reusing
[2026-09-28T11:17:27Z]   identity 'drill-signer-3' already exists, reusing
[2026-09-28T11:17:27Z]   identity 'drill-signer-4' already exists, reusing
[2026-09-28T11:17:27Z]   identity 'drill-signer-5-new' already exists, reusing
[2026-09-28T11:17:28Z]   drill-deployer:     GBPV7NHTH2DJHQAEAXKSUJS3YK5V4OJRFWDQU5NSHVIWUWMXW2RJMTVA
[2026-09-28T11:17:28Z]   drill-signer-1:     GAGEHMDYONXQBDRN2HSAVM76277H3CQRGEP2LMAZ6WDD3D37Y44FQJGX
[2026-09-28T11:17:29Z]   drill-signer-2:     GD44S76CCB776TAPJZIRNXENR3NOTCXO42V6T47NHFHNY3Y7H25X7GVP
[2026-09-28T11:17:29Z]   drill-signer-3:     GAYDRMOO6ADFKHVMTYGFE36QY36JXOQGJM7ADV32LFVKJ2JMZ6CHSRMM
[2026-09-28T11:17:29Z]   drill-signer-4:     GCEOH5QQI3GN7SCZM52NJJYDLWQIELWCRFDFAQHBXREIKRPJDXPDSGCQ (will be simulated as lost/compromised)
[2026-09-28T11:17:29Z]   drill-signer-5-new: GDC4C5OP74AV4KZCPJJ4UT5OVWG6JYPPFAZD3EBJYVGBPW57L6RX4DYJ (rotated in to replace signer-4)
[2026-09-28T11:17:29Z] Phase 0b: building stealth-announcer and stealth-sender (drill-timelock feature)
[2026-09-28T11:17:37Z] Phase 0b: deploying stealth-announcer
[2026-09-28T11:17:47Z]   stealth-announcer deployed: CAI2ZVGW5BJQBFTLZ5KW6G5XGPC6L2FMVFQEJTH4DDGLIOABQRMSUB3K
[2026-09-28T11:17:47Z] Phase 0b: deploying stealth-sender
[2026-09-28T11:17:56Z]   stealth-sender deployed: CAYZWUCQDXRP6UKG6NBXJ3CSDGS6APBLPDRBWGWSYTJ5XHERILBPQFHW
[2026-09-28T11:17:56Z] Phase 0c: initialising stealth-sender (admin + announcer)
null
[2026-09-28T11:18:07Z] Phase 0c: initialising governance signer set (3-of-5)
null
[2026-09-28T11:18:16Z] === Phase 1: simulating operator key loss (drill-signer-4 treated as compromised) ===
[2026-09-28T11:18:16Z] Incident clock starts now.
[2026-09-28T11:18:16Z] === Phase 2: pause ===
null
[2026-09-28T11:18:29Z]   is_paused confirmed: true
[2026-09-28T11:18:29Z] === Phase 3: propose signer rotation (drop signer-4, add signer-5-new) ===
null
[2026-09-28T11:18:37Z] Phase 3: collecting approvals to reach quorum (3-of-5 current set)
null
null
[2026-09-28T11:19:01Z]   pending_rotation state: {"approvals":["GBPV7NHTH2DJHQAEAXKSUJS3YK5V4OJRFWDQU5NSHVIWUWMXW2RJMTVA","GAGEHMDYONXQBDRN2HSAVM76277H3CQRGEP2LMAZ6WDD3D37Y44FQJGX","GD44S76CCB776TAPJZIRNXENR3NOTCXO42V6T47NHFHNY3Y7H25X7GVP"],"executable_at":1790594380,"new_signers":["GBPV7NHTH2DJHQAEAXKSUJS3YK5V4OJRFWDQU5NSHVIWUWMXW2RJMTVA","GAGEHMDYONXQBDRN2HSAVM76277H3CQRGEP2LMAZ6WDD3D37Y44FQJGX","GD44S76CCB776TAPJZIRNXENR3NOTCXO42V6T47NHFHNY3Y7H25X7GVP","GDC4C5OP74AV4KZCPJJ4UT5OVWG6JYPPFAZD3EBJYVGBPW57L6RX4DYJ"],"new_threshold":3}
[2026-09-28T11:19:02Z]   approvals collected: 3 (need 3), executable_at (unix): 1790594380
[2026-09-28T11:19:02Z] === Phase 4: waiting for rotation timelock to elapse ===
[2026-09-28T11:19:02Z]   sleeping 40s until executable_at
[2026-09-28T11:19:43Z] === Phase 4: executing signer rotation ===
null
[2026-09-28T11:19:53Z]   post-rotation signers: ["GBPV7NHTH2DJHQAEAXKSUJS3YK5V4OJRFWDQU5NSHVIWUWMXW2RJMTVA","GAGEHMDYONXQBDRN2HSAVM76277H3CQRGEP2LMAZ6WDD3D37Y44FQJGX","GD44S76CCB776TAPJZIRNXENR3NOTCXO42V6T47NHFHNY3Y7H25X7GVP","GDC4C5OP74AV4KZCPJJ4UT5OVWG6JYPPFAZD3EBJYVGBPW57L6RX4DYJ"]
[2026-09-28T11:19:54Z] === Phase 5: rescue tool rehearsal ===
[2026-09-28T11:19:54Z]   Note: scripts/rescue-stealth-funds.ts has a known missing entry point
[2026-09-28T11:19:54Z]   (see drills/2026-09-28-operator-recovery.md finding #3), so this drill
[2026-09-28T11:19:55Z]   exercises it via a harness that imports its exported functions
[2026-09-28T11:19:55Z]   directly rather than depending on an unfixed CLI entry point.
[2026-09-28T11:20:02.729Z] rescue harness: recomputing stealth address from ephemeral key + meta-address
[2026-09-28T11:20:02.733Z]   stealthAddress: stealth:3036230f13cc0c0d4e6020560f0160df45c8d510d0091e463fa577e40fe02b09
[2026-09-28T11:20:02.733Z]   sharedSecret (truncated): 5189c77d29fe5d54...
[2026-09-28T11:20:02.733Z] rescue harness: checking whether funds already moved (safety check)
[2026-09-28T11:20:02.733Z]   hasFundsBeenMoved result: false
[2026-09-28T11:20:02.734Z]   KNOWN DEFECT #1: this address format is not a Horizon-queryable G... account, so the result above is not a real check — it will always be false regardless of actual on-chain balance.
[2026-09-28T11:20:02.734Z] rescue harness: building announcement payload
[2026-09-28T11:20:02.734Z]   payload: {"schemeId":1,"stealthAddress":"stealth:3036230f13cc0c0d4e6020560f0160df45c8d510d0091e463fa577e40fe02b09","ephemeralPubKey":"934332e737b676a29574ba3ef795b2b78c89677fa68d52ca026264f6ae3f431d","metadata":"0x00"}
[2026-09-28T11:20:02.734Z] rescue harness: broadcasting — KNOWN DEFECT #2: this is a local simulation, not a real Soroban submission; no on-chain announcement is actually made

  --- Broadcasting Announcement ---
  Announcer ID: CAI2ZVGW5BJQBFTLZ5KW6G5XGPC6L2FMVFQEJTH4DDGLIOABQRMSUB3K
  RPC URL:      https://horizon-testnet.stellar.org
  Network:      Test SDF Future Network ; October 2022

  Announcement Payload:
    schemeId:          1
    stealthAddress:    stealth:3036230f13cc0c0d4e6020560f0160df45c8d510d0091e463fa577e40fe02b09
    ephemeralPubKey:   0x934332e737b676a29574ba3ef795b2b78c89677fa68d52ca026264f6ae3f431d
    metadata:          0x00

  Announcement resource prepared (simulation).
  Hash: 0x6e1d09bacad09df538dfcb1c2f3b791e8fa219189d40a0ec2e7e7c9107994083

[2026-09-28T11:20:02.735Z]   simulated hash: 6e1d09bacad09df538dfcb1c2f3b791e8fa219189d40a0ec2e7e7c9107994083
[2026-09-28T11:20:02.736Z] rescue harness complete (simulated only — see defects above).
[2026-09-28T11:20:02Z] === Phase 6: unpause (recovery) ===
null
[2026-09-28T11:20:16Z]   is_paused confirmed: false
[2026-09-28T11:20:16Z] === Drill complete. Full evidence log: ../drills/2026-09-28T11-17-22Z-operator-recovery.log ===
[2026-09-28T11:20:16Z]   stealth-announcer: CAI2ZVGW5BJQBFTLZ5KW6G5XGPC6L2FMVFQEJTH4DDGLIOABQRMSUB3K
[2026-09-28T11:20:16Z]   stealth-sender:    CAYZWUCQDXRP6UKG6NBXJ3CSDGS6APBLPDRBWGWSYTJ5XHERILBPQFHW
